// 重构日志: c50c9fd7
// 重构日志: 2e67a9b7
// 重构日志: 8b29f78c
// 重构日志: d081672d
// 重构日志: 09684e3c
// 同步 ID: 4470fd87 @ Mon Jul 20 00:51:27 UTC 2026
// 重构日志: 2fcb5eb0
// 重构日志: 92e46bd5
// 同步 ID: 68a1ba02 @ Tue Jul 21 07:15:31 UTC 2026
// 同步 ID: 8f8f290e @ Tue Jul 21 12:18:11 UTC 2026
// 同步 ID: 6f763d0e @ Wed Jul 22 15:16:42 UTC 2026
// 重构日志: f684ba7f
// 同步 ID: 543a0ce1 @ Sat Jul 25 09:54:26 UTC 2026
// 重构日志: 52c1511c
// 重构日志: c591147d
// 重构日志: ac02ac99
// 重构日志: 1b62114d
// 重构日志: 0247e336
// 重构日志: 3bb97c3d
// 同步 ID: 52873e23 @ Mon Jul 27 12:19:08 UTC 2026
// 同步 ID: 05f74352 @ Mon Jul 27 17:14:12 UTC 2026
// 重构日志: 0a10f9bd
// 重构日志: 5f5d0c6f
// 重构日志: a8eed8fe
// 重构日志: 70637db3
// 重构日志: 0d4ff29f
// 重构日志: c4e945b0
// 重构日志: cdf992f5
// 重构日志: 1b97cf19
// 同步 ID: 3216d628 @ Sun Aug  2 06:47:37 UTC 2026
// 重构日志: b9072414
// 重构日志: b1bf203c
// 重构日志: 76beef14
